// Jest Snapshot v1, https://goo.gl/fbAQLP

exports[`ext-ts generator works as expected 1`] = `
Object {
  "contributes": Object {
    "cloudProviders": Array [],
    "crds": Array [],
    "kubernetesDistros": Array [],
  },
  "dependencies": Object {
    "react": "^17.0.1",
    "react-dom": "^17.0.1",
  },
  "description": "randome description",
  "devDependencies": Object {
    "@babel/preset-env": "^7.14.7",
    "@babel/preset-react": "^7.14.5",
    "@babel/preset-typescript": "^7.14.5",
    "@jest-runner/electron": "^3.0.1",
    "@k8slens/extensions": "^5.0.0-beta.12",
    "@testing-library/jest-dom": "^5.14.1",
    "@testing-library/react": "^12.0.0",
    "@types/jest": "^26.0.23",
    "@types/node": "^12.12.9",
    "@types/react": "^17.0.0",
    "@typescript-eslint/eslint-plugin": "^4.8.1",
    "@typescript-eslint/parser": "^4.8.1",
    "electron": "^9.4.4",
    "eslint": "^7.13.0",
    "jest": "^27.0.5",
    "ts-loader": "^9.2.3",
    "typescript": "^4.3.2",
    "webpack": "^5.40.0",
    "webpack-cli": "^4.7.2",
  },
  "engines": Object {
    "node": ">=12.0 <13.0",
  },
  "jest": Object {
    "runner": "@jest-runner/electron",
    "testEnvironment": "@jest-runner/electron/environment",
  },
  "keywords": Array [
    "lens",
    "extension",
    "k8slens",
    "kubernetes",
  ],
  "lingui": Object {
    "locales": Array [
      "en",
    ],
  },
  "main": "dist/main.js",
  "name": "my-test-ext",
  "publisher": "random publisher",
  "renderer": "dist/renderer.js",
  "scripts": Object {
    "build": "npm run clean && NODE_ENV=production webpack",
    "clean": "rm -rf ./dist",
    "lint": "eslint",
    "start": "NODE_ENV=development webpack --watch",
    "test": "npm run lint && jest",
  },
  "version": "0.0.1",
}
`;

exports[`ext-ts generator works as expected 2`] = `
Object {
  "compilerOptions": Object {
    "allowSyntheticDefaultImports": true,
    "declaration": false,
    "esModuleInterop": true,
    "experimentalDecorators": true,
    "jsx": "react",
    "lib": Array [
      "ESNext",
      "DOM",
      "DOM.Iterable",
    ],
    "module": "CommonJS",
    "moduleResolution": "Node",
    "noImplicitAny": true,
    "outDir": "dist",
    "skipLibCheck": true,
    "sourceMap": false,
    "strict": false,
    "target": "ES2017",
  },
  "exclude": Array [
    "node_modules",
    "*.js",
  ],
  "include": Array [
    "./*.ts",
    "./*.tsx",
  ],
}
`;
